// Jest Snapshot v1, https://goo.gl/fbAQLP

exports[`Toast renders default 1`] = `
.emotion-0 {
  max-width: 100%;
  margin: 16px !important;
}

@media (min-width:900px) {
  .emotion-0 {
    max-width: 20em;
  }
}

@media (min-width:900px) {
  .emotion-0 {
    margin: 24px !important;
  }
}

<div
  className="emotion-0"
>
  <ol
    aria-live="assertive"
    onMouseEnter={[Function]}
    onMouseLeave={[Function]}
  >
    <TransitionGroup
      childFactory={[Function]}
      component="div"
    >
      <Transition
        appear={false}
        enter={true}
        exit={true}
        in={false}
        key="toastWrapper-0"
        mountOnEnter={false}
        onEnter={[Function]}
        onEntered={[Function]}
        onEntering={[Function]}
        onExit={[Function]}
        onExited={[Function]}
        onExiting={[Function]}
        timeout={
          Object {
            "enter": 0,
            "exit": 300,
          }
        }
        unmountOnExit={false}
      >
        <Component />
      </Transition>
    </TransitionGroup>
  </ol>
</div>
`;

exports[`Toast renders with actions 1`] = `
.emotion-0 {
  max-width: 100%;
  margin: 16px !important;
}

@media (min-width:900px) {
  .emotion-0 {
    max-width: 20em;
  }
}

@media (min-width:900px) {
  .emotion-0 {
    margin: 24px !important;
  }
}

<div
  className="emotion-0"
>
  <ol
    aria-live="assertive"
    onMouseEnter={[Function]}
    onMouseLeave={[Function]}
  >
    <TransitionGroup
      childFactory={[Function]}
      component="div"
    >
      <Transition
        appear={false}
        enter={true}
        exit={true}
        in={false}
        key="toastWrapper-0"
        mountOnEnter={false}
        onEnter={[Function]}
        onEntered={[Function]}
        onEntering={[Function]}
        onExit={[Function]}
        onExited={[Function]}
        onExiting={[Function]}
        timeout={
          Object {
            "enter": 0,
            "exit": 300,
          }
        }
        unmountOnExit={false}
      >
        <Component />
      </Transition>
    </TransitionGroup>
  </ol>
</div>
`;

exports[`Toast renders with description 1`] = `
.emotion-0 {
  max-width: 100%;
  margin: 16px !important;
}

@media (min-width:900px) {
  .emotion-0 {
    max-width: 20em;
  }
}

@media (min-width:900px) {
  .emotion-0 {
    margin: 24px !important;
  }
}

<div
  className="emotion-0"
>
  <ol
    aria-live="assertive"
    onMouseEnter={[Function]}
    onMouseLeave={[Function]}
  >
    <TransitionGroup
      childFactory={[Function]}
      component="div"
    >
      <Transition
        appear={false}
        enter={true}
        exit={true}
        in={false}
        key="toastWrapper-0"
        mountOnEnter={false}
        onEnter={[Function]}
        onEntered={[Function]}
        onEntering={[Function]}
        onExit={[Function]}
        onExited={[Function]}
        onExiting={[Function]}
        timeout={
          Object {
            "enter": 0,
            "exit": 300,
          }
        }
        unmountOnExit={false}
      >
        <Component />
      </Transition>
    </TransitionGroup>
  </ol>
</div>
`;
