// Jest Snapshot v1, https://goo.gl/fbAQLP

exports[`LineChart default 1`] = `
<div
  class="ct-chart "
/>
`;
