// Jest Snapshot v1, https://goo.gl/fbAQLP

exports[`DropdownMenu renders 1`] = `
.emotion-0 {
  background-color: #FFF;
  border-radius: 6px;
  box-shadow: 0 4px 8px rgba(0,0,0,0.1);
  overflow-y: scroll;
  border-width: 1px;
  border-color: #DADDE2;
  border-style: solid;
}

<div
  className="emotion-0"
  style={
    Object {
      "maxHeight": 200,
      "width": 100,
    }
  }
>
  menu content
</div>
`;
