// Jest Snapshot v1, https://goo.gl/fbAQLP

exports[`Breadcrumb default 1`] = `
<div
  class="css-ewxxaj"
>
  <span>
    One
  </span>
  <span>
    Two
  </span>
</div>
`;
